$ cd "D:\Digital House\Introd Informatica"
$ mkdir checkpoint-MadeleinePacheco
$ cd "checkpoint-MadeleinePacheco"
$ git init
$ git checkout -b main
$ touch main.js
$ touch index.html
$ git status
$ git add .
$ git remote add origin https://github.com/ingmaddi/Checkpoint-MadeleinePacheco.git
$ git push origin main
$ git branch feature
$ git checkout feature
$ mkdir hardware
$ mkdir software
$ mkdir seguridadInformatica
$ cd hardware
$ touch resumen.txt
$ cd software
$ cd ..
$ cd software
$ touch resument.txt
$ git add .
$ git status
$ git commit -m "Commit 2 de MadeleinePacheco"
$ git push origin feature
$ git checkout main
$ git mv main.js resumenHardware.txt
$ git mv index.html resumenSoftware.txt
$ code
$ touch comandos.txt
$ git log
commit 0777eb8e95a9b5af15192fb5118535823c048a04 (HEAD -> main, origin/main)
Author: ingmaddi <madeleine.j.pacheco@gmail.com>
Date:   Sat Aug 19 18:46:02 2023 -0500

    Commit 1 de MadeleinePacheco
